---
source: crates/jmdict/src/jmdict/parse.rs
assertion_line: 314
expression: result
---
entries:
  - id: 1234567
    forms:
      - form: 言葉
        info: []
        priority: []
    readings:
      - reading: ことば
        nokanji: false
        to_form: []
        info: []
        priority: []
    senses:
      - to_form: []
        to_reading: []
        part_of_speech:
          - noun
        misc: []
        info: []
        dialect:
          - brazilian
          - hokkaidoBen
          - kansaiBen
          - kantouBen
          - kyotoBen
          - kyuushuuBen
          - naganoBen
          - osakaBen
          - ryuukyuuBen
          - touhokuBen
          - tosaBen
          - tsugaruBen
        meaning:
          - some meaning
