---
source: crates/jmdict/src/jmdict/parse.rs
assertion_line: 305
expression: result
---
entries:
  - id: 1234567
    forms:
      - form: 言葉
        info: []
        priority: []
    readings:
      - reading: ことば
        nokanji: false
        to_form: []
        info: []
        priority: []
    senses:
      - to_form: []
        to_reading: []
        part_of_speech:
          - "=n="
        misc: []
        info: []
        dialect:
          - Brazilian
          - HokkaidoBen
          - KansaiBen
          - KantouBen
          - KyotoBen
          - KyuushuuBen
          - NaganoBen
          - OsakaBen
          - RyuukyuuBen
          - TouhokuBen
          - TosaBen
          - TsugaruBen
        meaning:
          - some meaning
