---
source: crates/jmdict/tests/it/jmnedict.rs
assertion_line: 76
expression: result
---
entries:
  - id: 5000000
    kanjis:
      - kanji: ゝ泉
        priority: []
    readings:
      - reading: ちゅせん
        to_kanji: []
        priority: []
    translations:
      - name_type:
          - forename
        xref: []
        translations:
          - Chusen
  - id: 5000001
    kanjis:
      - kanji: 〆
        priority: []
    readings:
      - reading: しめ
        to_kanji: []
        priority: []
    translations:
      - name_type:
          - forename (female)
        xref: []
        translations:
          - Shime
  - id: 5744957
    kanjis:
      - kanji: 全日本労働総同盟
        priority: []
    readings:
      - reading: ぜんにほんろうどうそうどうめい
        to_kanji: []
        priority:
          - spec1
    translations:
      - name_type:
          - organization
        xref: []
        translations:
          - Japanese Confederation of Labor (1936-1939)
          - Zensō
      - name_type:
          - organization
        xref: []
        translations:
          - Japanese Confederation of Labor (1964-1987)
          - Dōmei
  - id: 9999990
    kanjis:
      - kanji: ＪＭｎｅｄｉｃｔ
        priority: []
    readings:
      - reading: ジェイエムエヌイーディクト
        to_kanji: []
        priority: []
    translations:
      - name_type:
          - artwork
        xref: []
        translations:
          - "Japanese-Multilingual Named Entity Dictionary Project - Creation Date: 2024-08-29"
creation_date: 2024-08-29
