---
source: crates/jmdict/tests/it/jmdict.rs
assertion_line: 98
expression: result
---
entries:
  - id: 1234567
    kanjis:
      - kanji: 言葉
        info: []
        priority: []
    readings:
      - reading: ことば
        nokanji: false
        to_form: []
        info: []
        priority: []
    senses:
      - to_form: []
        to_reading: []
        pos:
          - noun
        misc: []
        info: []
        dialects:
          - brazilian
          - hokkaidoBen
          - kansaiBen
          - kantouBen
          - kyotoBen
          - kyuushuuBen
          - naganoBen
          - osakaBen
          - ryuukyuuBen
          - touhokuBen
          - tosaBen
          - tsugaruBen
        meanings:
          - some meaning
creation_date: ~
